#! /usr/bin/vvp
:ivl_version "12.0 (stable)";
:ivl_delay_selection "TYPICAL";
:vpi_time_precision - 12;
:vpi_module "/usr/lib/x86_64-linux-gnu/ivl/system.vpi";
:vpi_module "/usr/lib/x86_64-linux-gnu/ivl/vhdl_sys.vpi";
:vpi_module "/usr/lib/x86_64-linux-gnu/ivl/vhdl_textio.vpi";
:vpi_module "/usr/lib/x86_64-linux-gnu/ivl/v2005_math.vpi";
:vpi_module "/usr/lib/x86_64-linux-gnu/ivl/va_math.vpi";
S_0x611259900980 .scope module, "four_bit_full_adder_subtractor_st_tb" "four_bit_full_adder_subtractor_st_tb" 2 4;
 .timescale -9 -12;
v0x61125993bee0_0 .var "a", 3 0;
v0x61125993bfc0_0 .var "b", 3 0;
v0x61125993c060_0 .var "cin", 0 0;
v0x61125993c100_0 .var "control", 0 0;
v0x61125993c1a0_0 .net "cout", 0 0, L_0x611259940f70;  1 drivers
v0x61125993c290_0 .var/i "fail_count", 31 0;
v0x61125993c330_0 .var/i "i", 31 0;
v0x61125993c410_0 .var/i "j", 31 0;
v0x61125993c4f0_0 .var/i "k", 31 0;
v0x61125993c660_0 .var/i "l", 31 0;
v0x61125993c740_0 .var/i "pass_count", 31 0;
v0x61125993c820_0 .net "result", 3 0, L_0x6112599412e0;  1 drivers
S_0x611259906000 .scope task, "check_result" "check_result" 2 29, 2 29 0, S_0x611259900980;
 .timescale -9 -12;
v0x61125990bcf0_0 .var "a_in", 3 0;
v0x611259906760_0 .var "b_in", 3 0;
v0x611259901170_0 .var "cin_in", 0 0;
v0x61125992eb30_0 .var "control_in", 0 0;
v0x61125992ebf0_0 .var "expected_cout", 0 0;
v0x61125992ed00_0 .var "expected_result", 3 0;
TD_four_bit_full_adder_subtractor_st_tb.check_result ;
    %delay 10000, 0;
    %load/vec4 v0x61125992eb30_0;
    %pad/u 32;
    %cmpi/e 0, 0, 32;
    %jmp/0xz  T_0.0, 4;
    %load/vec4 v0x61125990bcf0_0;
    %pad/u 5;
    %load/vec4 v0x611259906760_0;
    %pad/u 5;
    %add;
    %load/vec4 v0x611259901170_0;
    %pad/u 5;
    %add;
    %split/vec4 4;
    %store/vec4 v0x61125992ed00_0, 0, 4;
    %store/vec4 v0x61125992ebf0_0, 0, 1;
    %jmp T_0.1;
T_0.0 ;
    %load/vec4 v0x611259901170_0;
    %pad/u 32;
    %cmpi/e 0, 0, 32;
    %flag_mov 8, 4;
    %jmp/0 T_0.2, 8;
    %load/vec4 v0x61125990bcf0_0;
    %pad/u 5;
    %load/vec4 v0x611259906760_0;
    %pad/u 5;
    %sub;
    %jmp/1 T_0.3, 8;
T_0.2 ; End of true expr.
    %load/vec4 v0x61125990bcf0_0;
    %pad/u 5;
    %load/vec4 v0x611259906760_0;
    %pad/u 5;
    %sub;
    %subi 1, 0, 5;
    %jmp/0 T_0.3, 8;
 ; End of false expr.
    %blend;
T_0.3;
    %split/vec4 4;
    %store/vec4 v0x61125992ed00_0, 0, 4;
    %store/vec4 v0x61125992ebf0_0, 0, 1;
T_0.1 ;
    %load/vec4 v0x61125993c820_0;
    %load/vec4 v0x61125992ed00_0;
    %cmp/e;
    %flag_get/vec4 6;
    %jmp/0 T_0.6, 6;
    %load/vec4 v0x61125993c1a0_0;
    %load/vec4 v0x61125992ebf0_0;
    %cmp/e;
    %flag_get/vec4 6;
    %and;
T_0.6;
    %flag_set/vec4 8;
    %jmp/0xz  T_0.4, 8;
    %load/vec4 v0x61125993c740_0;
    %addi 1, 0, 32;
    %store/vec4 v0x61125993c740_0, 0, 32;
    %jmp T_0.5;
T_0.4 ;
    %load/vec4 v0x61125993c290_0;
    %addi 1, 0, 32;
    %store/vec4 v0x61125993c290_0, 0, 32;
T_0.5 ;
    %end;
S_0x61125990b590 .scope module, "uut" "four_bit_full_adder_subtractor_st" 2 10, 3 2 0, S_0x611259900980;
 .timescale -9 -12;
    .port_info 0 /INPUT 4 "a";
    .port_info 1 /INPUT 4 "b";
    .port_info 2 /INPUT 1 "cin";
    .port_info 3 /INPUT 1 "control";
    .port_info 4 /OUTPUT 4 "result";
    .port_info 5 /OUTPUT 1 "cout";
v0x61125993b7c0_0 .net "a", 3 0, v0x61125993bee0_0;  1 drivers
v0x61125993b8c0_0 .net "b", 3 0, v0x61125993bfc0_0;  1 drivers
v0x61125993b9a0_0 .net "carry", 2 0, L_0x61125993fee0;  1 drivers
v0x61125993ba60_0 .net "cin", 0 0, v0x61125993c060_0;  1 drivers
v0x61125993bb90_0 .net "control", 0 0, v0x61125993c100_0;  1 drivers
v0x61125993bcc0_0 .net "cout", 0 0, L_0x611259940f70;  alias, 1 drivers
v0x61125993bd60_0 .net "result", 3 0, L_0x6112599412e0;  alias, 1 drivers
L_0x61125993d820 .part v0x61125993bee0_0, 0, 1;
L_0x61125993d8e0 .part v0x61125993bfc0_0, 0, 1;
L_0x61125993eb00 .part v0x61125993bee0_0, 1, 1;
L_0x61125993eba0 .part v0x61125993bfc0_0, 1, 1;
L_0x61125993ec40 .part L_0x61125993fee0, 0, 1;
L_0x61125993fbe0 .part v0x61125993bee0_0, 2, 1;
L_0x61125993fcc0 .part v0x61125993bfc0_0, 2, 1;
L_0x61125993fdf0 .part L_0x61125993fee0, 1, 1;
L_0x61125993fee0 .concat8 [ 1 1 1 0], L_0x61125993d780, L_0x61125993ea60, L_0x61125993fb40;
L_0x611259941030 .part v0x61125993bee0_0, 3, 1;
L_0x611259941130 .part v0x61125993bfc0_0, 3, 1;
L_0x6112599411d0 .part L_0x61125993fee0, 2, 1;
L_0x6112599412e0 .concat8 [ 1 1 1 1], L_0x61125993d6e0, L_0x61125993e8b0, L_0x61125993faa0, L_0x611259940ed0;
S_0x61125992eef0 .scope module, "u1" "full_adder_subtractor_st" 3 13, 4 3 0, S_0x61125990b590;
 .timescale -9 -12;
    .port_info 0 /INPUT 1 "a";
    .port_info 1 /INPUT 1 "b";
    .port_info 2 /INPUT 1 "cin";
    .port_info 3 /INPUT 1 "control";
    .port_info 4 /OUTPUT 1 "result";
    .port_info 5 /OUTPUT 1 "cout";
v0x611259931850_0 .net "a", 0 0, L_0x61125993d820;  1 drivers
v0x611259931910_0 .net "b", 0 0, L_0x61125993d8e0;  1 drivers
v0x6112599319d0_0 .net "borrow", 0 0, L_0x61125993d580;  1 drivers
v0x611259931a70_0 .net "carry", 0 0, L_0x61125993ccf0;  1 drivers
v0x611259931b60_0 .net "cin", 0 0, v0x61125993c060_0;  alias, 1 drivers
v0x611259931c50_0 .net "control", 0 0, v0x61125993c100_0;  alias, 1 drivers
v0x611259931cf0_0 .net "cout", 0 0, L_0x61125993d780;  1 drivers
v0x611259931d90_0 .net "diff", 0 0, L_0x61125993cf50;  1 drivers
v0x611259931e30_0 .net "result", 0 0, L_0x61125993d6e0;  1 drivers
v0x611259931f60_0 .net "sum", 0 0, L_0x61125993cb20;  1 drivers
L_0x61125993d6e0 .functor MUXZ 1, L_0x61125993cb20, L_0x61125993cf50, v0x61125993c100_0, C4<>;
L_0x61125993d780 .functor MUXZ 1, L_0x61125993ccf0, L_0x61125993d580, v0x61125993c100_0, C4<>;
S_0x61125992f170 .scope module, "adder" "full_adders_st" 4 14, 5 3 0, S_0x61125992eef0;
 .timescale -9 -12;
    .port_info 0 /INPUT 1 "a";
    .port_info 1 /INPUT 1 "b";
    .port_info 2 /INPUT 1 "c";
    .port_info 3 /OUTPUT 1 "sum";
    .port_info 4 /OUTPUT 1 "carry";
v0x611259930450_0 .net "a", 0 0, L_0x61125993d820;  alias, 1 drivers
v0x611259930520_0 .net "b", 0 0, L_0x61125993d8e0;  alias, 1 drivers
v0x6112599305f0_0 .net "c", 0 0, v0x61125993c060_0;  alias, 1 drivers
v0x6112599306f0_0 .net "carry", 0 0, L_0x61125993ccf0;  alias, 1 drivers
v0x6112599307c0_0 .net "sum", 0 0, L_0x61125993cb20;  alias, 1 drivers
v0x6112599308b0_0 .net "x", 0 0, L_0x61125993c8e0;  1 drivers
v0x6112599309a0_0 .net "y", 0 0, L_0x61125993ca90;  1 drivers
v0x611259930a90_0 .net "z", 0 0, L_0x61125993cc60;  1 drivers
S_0x61125992f370 .scope module, "h1" "half_adders_df" 5 11, 6 1 0, S_0x61125992f170;
 .timescale -9 -12;
    .port_info 0 /INPUT 1 "a";
    .port_info 1 /INPUT 1 "b";
    .port_info 2 /OUTPUT 1 "sum";
    .port_info 3 /OUTPUT 1 "carry";
L_0x61125993c8e0 .functor XOR 1, L_0x61125993d820, L_0x61125993d8e0, C4<0>, C4<0>;
L_0x61125993ca90 .functor AND 1, L_0x61125993d820, L_0x61125993d8e0, C4<1>, C4<1>;
v0x61125992f5e0_0 .net "a", 0 0, L_0x61125993d820;  alias, 1 drivers
v0x61125992f6c0_0 .net "b", 0 0, L_0x61125993d8e0;  alias, 1 drivers
v0x61125992f780_0 .net "carry", 0 0, L_0x61125993ca90;  alias, 1 drivers
v0x61125992f820_0 .net "sum", 0 0, L_0x61125993c8e0;  alias, 1 drivers
S_0x61125992f960 .scope module, "h2" "half_adders_df" 5 12, 6 1 0, S_0x61125992f170;
 .timescale -9 -12;
    .port_info 0 /INPUT 1 "a";
    .port_info 1 /INPUT 1 "b";
    .port_info 2 /OUTPUT 1 "sum";
    .port_info 3 /OUTPUT 1 "carry";
L_0x61125993cb20 .functor XOR 1, L_0x61125993c8e0, v0x61125993c060_0, C4<0>, C4<0>;
L_0x61125993cc60 .functor AND 1, L_0x61125993c8e0, v0x61125993c060_0, C4<1>, C4<1>;
v0x61125992fbd0_0 .net "a", 0 0, L_0x61125993c8e0;  alias, 1 drivers
v0x61125992fc70_0 .net "b", 0 0, v0x61125993c060_0;  alias, 1 drivers
v0x61125992fd10_0 .net "carry", 0 0, L_0x61125993cc60;  alias, 1 drivers
v0x61125992fde0_0 .net "sum", 0 0, L_0x61125993cb20;  alias, 1 drivers
S_0x61125992ff50 .scope module, "o1" "or_gate_st" 5 13, 7 1 0, S_0x61125992f170;
 .timescale -9 -12;
    .port_info 0 /INPUT 1 "a";
    .port_info 1 /INPUT 1 "b";
    .port_info 2 /OUTPUT 1 "y";
L_0x61125993ccf0 .functor OR 1, L_0x61125993ca90, L_0x61125993cc60, C4<0>, C4<0>;
v0x611259930180_0 .net "a", 0 0, L_0x61125993ca90;  alias, 1 drivers
v0x611259930270_0 .net "b", 0 0, L_0x61125993cc60;  alias, 1 drivers
v0x611259930340_0 .net "y", 0 0, L_0x61125993ccf0;  alias, 1 drivers
S_0x611259930b80 .scope module, "subtractor" "full_subtractor_df" 4 22, 8 1 0, S_0x61125992eef0;
 .timescale -9 -12;
    .port_info 0 /INPUT 1 "a";
    .port_info 1 /INPUT 1 "b";
    .port_info 2 /INPUT 1 "c";
    .port_info 3 /OUTPUT 1 "difference";
    .port_info 4 /OUTPUT 1 "borrow";
L_0x61125993cec0 .functor XOR 1, L_0x61125993d820, L_0x61125993d8e0, C4<0>, C4<0>;
L_0x61125993cf50 .functor XOR 1, L_0x61125993cec0, v0x61125993c060_0, C4<0>, C4<0>;
L_0x61125993cfe0 .functor NOT 1, L_0x61125993d820, C4<0>, C4<0>, C4<0>;
L_0x61125993d070 .functor AND 1, L_0x61125993cfe0, L_0x61125993d8e0, C4<1>, C4<1>;
L_0x61125993d110 .functor AND 1, L_0x61125993d8e0, v0x61125993c060_0, C4<1>, C4<1>;
L_0x61125993d290 .functor OR 1, L_0x61125993d070, L_0x61125993d110, C4<0>, C4<0>;
L_0x61125993d340 .functor NOT 1, L_0x61125993d820, C4<0>, C4<0>, C4<0>;
L_0x61125993d4c0 .functor AND 1, L_0x61125993d340, v0x61125993c060_0, C4<1>, C4<1>;
L_0x61125993d580 .functor OR 1, L_0x61125993d290, L_0x61125993d4c0, C4<0>, C4<0>;
v0x611259930d60_0 .net *"_ivl_0", 0 0, L_0x61125993cec0;  1 drivers
v0x611259930e40_0 .net *"_ivl_10", 0 0, L_0x61125993d290;  1 drivers
v0x611259930f20_0 .net *"_ivl_12", 0 0, L_0x61125993d340;  1 drivers
v0x611259930fe0_0 .net *"_ivl_14", 0 0, L_0x61125993d4c0;  1 drivers
v0x6112599310c0_0 .net *"_ivl_4", 0 0, L_0x61125993cfe0;  1 drivers
v0x6112599311f0_0 .net *"_ivl_6", 0 0, L_0x61125993d070;  1 drivers
v0x6112599312d0_0 .net *"_ivl_8", 0 0, L_0x61125993d110;  1 drivers
v0x6112599313b0_0 .net "a", 0 0, L_0x61125993d820;  alias, 1 drivers
v0x6112599314a0_0 .net "b", 0 0, L_0x61125993d8e0;  alias, 1 drivers
v0x611259931540_0 .net "borrow", 0 0, L_0x61125993d580;  alias, 1 drivers
v0x611259931600_0 .net "c", 0 0, v0x61125993c060_0;  alias, 1 drivers
v0x6112599316f0_0 .net "difference", 0 0, L_0x61125993cf50;  alias, 1 drivers
S_0x6112599320a0 .scope module, "u2" "full_adder_subtractor_st" 3 22, 4 3 0, S_0x61125990b590;
 .timescale -9 -12;
    .port_info 0 /INPUT 1 "a";
    .port_info 1 /INPUT 1 "b";
    .port_info 2 /INPUT 1 "cin";
    .port_info 3 /INPUT 1 "control";
    .port_info 4 /OUTPUT 1 "result";
    .port_info 5 /OUTPUT 1 "cout";
v0x611259934a90_0 .net "a", 0 0, L_0x61125993eb00;  1 drivers
v0x611259934b50_0 .net "b", 0 0, L_0x61125993eba0;  1 drivers
v0x611259934c10_0 .net "borrow", 0 0, L_0x61125993e750;  1 drivers
v0x611259934cb0_0 .net "carry", 0 0, L_0x61125993ddb0;  1 drivers
v0x611259934da0_0 .net "cin", 0 0, L_0x61125993ec40;  1 drivers
v0x611259934e90_0 .net "control", 0 0, v0x61125993c100_0;  alias, 1 drivers
v0x611259934f30_0 .net "cout", 0 0, L_0x61125993ea60;  1 drivers
v0x611259934fd0_0 .net "diff", 0 0, L_0x61125993e010;  1 drivers
v0x611259935070_0 .net "result", 0 0, L_0x61125993e8b0;  1 drivers
v0x6112599351a0_0 .net "sum", 0 0, L_0x61125993db50;  1 drivers
L_0x61125993e8b0 .functor MUXZ 1, L_0x61125993db50, L_0x61125993e010, v0x61125993c100_0, C4<>;
L_0x61125993ea60 .functor MUXZ 1, L_0x61125993ddb0, L_0x61125993e750, v0x61125993c100_0, C4<>;
S_0x611259932340 .scope module, "adder" "full_adders_st" 4 14, 5 3 0, S_0x6112599320a0;
 .timescale -9 -12;
    .port_info 0 /INPUT 1 "a";
    .port_info 1 /INPUT 1 "b";
    .port_info 2 /INPUT 1 "c";
    .port_info 3 /OUTPUT 1 "sum";
    .port_info 4 /OUTPUT 1 "carry";
v0x611259933600_0 .net "a", 0 0, L_0x61125993eb00;  alias, 1 drivers
v0x6112599336d0_0 .net "b", 0 0, L_0x61125993eba0;  alias, 1 drivers
v0x6112599337a0_0 .net "c", 0 0, L_0x61125993ec40;  alias, 1 drivers
v0x6112599338a0_0 .net "carry", 0 0, L_0x61125993ddb0;  alias, 1 drivers
v0x611259933970_0 .net "sum", 0 0, L_0x61125993db50;  alias, 1 drivers
v0x611259933a60_0 .net "x", 0 0, L_0x61125993d980;  1 drivers
v0x611259933b50_0 .net "y", 0 0, L_0x61125993dac0;  1 drivers
v0x611259933c40_0 .net "z", 0 0, L_0x61125993dd20;  1 drivers
S_0x611259932520 .scope module, "h1" "half_adders_df" 5 11, 6 1 0, S_0x611259932340;
 .timescale -9 -12;
    .port_info 0 /INPUT 1 "a";
    .port_info 1 /INPUT 1 "b";
    .port_info 2 /OUTPUT 1 "sum";
    .port_info 3 /OUTPUT 1 "carry";
L_0x61125993d980 .functor XOR 1, L_0x61125993eb00, L_0x61125993eba0, C4<0>, C4<0>;
L_0x61125993dac0 .functor AND 1, L_0x61125993eb00, L_0x61125993eba0, C4<1>, C4<1>;
v0x611259932790_0 .net "a", 0 0, L_0x61125993eb00;  alias, 1 drivers
v0x611259932870_0 .net "b", 0 0, L_0x61125993eba0;  alias, 1 drivers
v0x611259932930_0 .net "carry", 0 0, L_0x61125993dac0;  alias, 1 drivers
v0x6112599329d0_0 .net "sum", 0 0, L_0x61125993d980;  alias, 1 drivers
S_0x611259932b10 .scope module, "h2" "half_adders_df" 5 12, 6 1 0, S_0x611259932340;
 .timescale -9 -12;
    .port_info 0 /INPUT 1 "a";
    .port_info 1 /INPUT 1 "b";
    .port_info 2 /OUTPUT 1 "sum";
    .port_info 3 /OUTPUT 1 "carry";
L_0x61125993db50 .functor XOR 1, L_0x61125993d980, L_0x61125993ec40, C4<0>, C4<0>;
L_0x61125993dd20 .functor AND 1, L_0x61125993d980, L_0x61125993ec40, C4<1>, C4<1>;
v0x611259932d80_0 .net "a", 0 0, L_0x61125993d980;  alias, 1 drivers
v0x611259932e20_0 .net "b", 0 0, L_0x61125993ec40;  alias, 1 drivers
v0x611259932ec0_0 .net "carry", 0 0, L_0x61125993dd20;  alias, 1 drivers
v0x611259932f90_0 .net "sum", 0 0, L_0x61125993db50;  alias, 1 drivers
S_0x611259933100 .scope module, "o1" "or_gate_st" 5 13, 7 1 0, S_0x611259932340;
 .timescale -9 -12;
    .port_info 0 /INPUT 1 "a";
    .port_info 1 /INPUT 1 "b";
    .port_info 2 /OUTPUT 1 "y";
L_0x61125993ddb0 .functor OR 1, L_0x61125993dac0, L_0x61125993dd20, C4<0>, C4<0>;
v0x611259933330_0 .net "a", 0 0, L_0x61125993dac0;  alias, 1 drivers
v0x611259933420_0 .net "b", 0 0, L_0x61125993dd20;  alias, 1 drivers
v0x6112599334f0_0 .net "y", 0 0, L_0x61125993ddb0;  alias, 1 drivers
S_0x611259933d30 .scope module, "subtractor" "full_subtractor_df" 4 22, 8 1 0, S_0x6112599320a0;
 .timescale -9 -12;
    .port_info 0 /INPUT 1 "a";
    .port_info 1 /INPUT 1 "b";
    .port_info 2 /INPUT 1 "c";
    .port_info 3 /OUTPUT 1 "difference";
    .port_info 4 /OUTPUT 1 "borrow";
L_0x61125993df80 .functor XOR 1, L_0x61125993eb00, L_0x61125993eba0, C4<0>, C4<0>;
L_0x61125993e010 .functor XOR 1, L_0x61125993df80, L_0x61125993ec40, C4<0>, C4<0>;
L_0x61125993e0a0 .functor NOT 1, L_0x61125993eb00, C4<0>, C4<0>, C4<0>;
L_0x61125993e130 .functor AND 1, L_0x61125993e0a0, L_0x61125993eba0, C4<1>, C4<1>;
L_0x61125993e1d0 .functor AND 1, L_0x61125993eba0, L_0x61125993ec40, C4<1>, C4<1>;
L_0x61125993e350 .functor OR 1, L_0x61125993e130, L_0x61125993e1d0, C4<0>, C4<0>;
L_0x61125993e400 .functor NOT 1, L_0x61125993eb00, C4<0>, C4<0>, C4<0>;
L_0x61125993e580 .functor AND 1, L_0x61125993e400, L_0x61125993ec40, C4<1>, C4<1>;
L_0x61125993e750 .functor OR 1, L_0x61125993e350, L_0x61125993e580, C4<0>, C4<0>;
v0x611259933f10_0 .net *"_ivl_0", 0 0, L_0x61125993df80;  1 drivers
v0x611259933ff0_0 .net *"_ivl_10", 0 0, L_0x61125993e350;  1 drivers
v0x6112599340d0_0 .net *"_ivl_12", 0 0, L_0x61125993e400;  1 drivers
v0x611259934190_0 .net *"_ivl_14", 0 0, L_0x61125993e580;  1 drivers
v0x611259934270_0 .net *"_ivl_4", 0 0, L_0x61125993e0a0;  1 drivers
v0x6112599343a0_0 .net *"_ivl_6", 0 0, L_0x61125993e130;  1 drivers
v0x611259934480_0 .net *"_ivl_8", 0 0, L_0x61125993e1d0;  1 drivers
v0x611259934560_0 .net "a", 0 0, L_0x61125993eb00;  alias, 1 drivers
v0x611259934650_0 .net "b", 0 0, L_0x61125993eba0;  alias, 1 drivers
v0x611259934780_0 .net "borrow", 0 0, L_0x61125993e750;  alias, 1 drivers
v0x611259934840_0 .net "c", 0 0, L_0x61125993ec40;  alias, 1 drivers
v0x611259934930_0 .net "difference", 0 0, L_0x61125993e010;  alias, 1 drivers
S_0x6112599352a0 .scope module, "u3" "full_adder_subtractor_st" 3 31, 4 3 0, S_0x61125990b590;
 .timescale -9 -12;
    .port_info 0 /INPUT 1 "a";
    .port_info 1 /INPUT 1 "b";
    .port_info 2 /INPUT 1 "cin";
    .port_info 3 /INPUT 1 "control";
    .port_info 4 /OUTPUT 1 "result";
    .port_info 5 /OUTPUT 1 "cout";
v0x611259937cd0_0 .net "a", 0 0, L_0x61125993fbe0;  1 drivers
v0x611259937d90_0 .net "b", 0 0, L_0x61125993fcc0;  1 drivers
v0x611259937e50_0 .net "borrow", 0 0, L_0x61125993f990;  1 drivers
v0x611259937ef0_0 .net "carry", 0 0, L_0x61125993f040;  1 drivers
v0x611259937fe0_0 .net "cin", 0 0, L_0x61125993fdf0;  1 drivers
v0x6112599380d0_0 .net "control", 0 0, v0x61125993c100_0;  alias, 1 drivers
v0x6112599381c0_0 .net "cout", 0 0, L_0x61125993fb40;  1 drivers
v0x611259938260_0 .net "diff", 0 0, L_0x61125993f2a0;  1 drivers
v0x611259938300_0 .net "result", 0 0, L_0x61125993faa0;  1 drivers
v0x611259938430_0 .net "sum", 0 0, L_0x61125993ede0;  1 drivers
L_0x61125993faa0 .functor MUXZ 1, L_0x61125993ede0, L_0x61125993f2a0, v0x61125993c100_0, C4<>;
L_0x61125993fb40 .functor MUXZ 1, L_0x61125993f040, L_0x61125993f990, v0x61125993c100_0, C4<>;
S_0x611259935520 .scope module, "adder" "full_adders_st" 4 14, 5 3 0, S_0x6112599352a0;
 .timescale -9 -12;
    .port_info 0 /INPUT 1 "a";
    .port_info 1 /INPUT 1 "b";
    .port_info 2 /INPUT 1 "c";
    .port_info 3 /OUTPUT 1 "sum";
    .port_info 4 /OUTPUT 1 "carry";
v0x611259936840_0 .net "a", 0 0, L_0x61125993fbe0;  alias, 1 drivers
v0x611259936910_0 .net "b", 0 0, L_0x61125993fcc0;  alias, 1 drivers
v0x6112599369e0_0 .net "c", 0 0, L_0x61125993fdf0;  alias, 1 drivers
v0x611259936ae0_0 .net "carry", 0 0, L_0x61125993f040;  alias, 1 drivers
v0x611259936bb0_0 .net "sum", 0 0, L_0x61125993ede0;  alias, 1 drivers
v0x611259936ca0_0 .net "x", 0 0, L_0x61125993ece0;  1 drivers
v0x611259936d90_0 .net "y", 0 0, L_0x61125993ed50;  1 drivers
v0x611259936e80_0 .net "z", 0 0, L_0x61125993efb0;  1 drivers
S_0x611259935700 .scope module, "h1" "half_adders_df" 5 11, 6 1 0, S_0x611259935520;
 .timescale -9 -12;
    .port_info 0 /INPUT 1 "a";
    .port_info 1 /INPUT 1 "b";
    .port_info 2 /OUTPUT 1 "sum";
    .port_info 3 /OUTPUT 1 "carry";
L_0x61125993ece0 .functor XOR 1, L_0x61125993fbe0, L_0x61125993fcc0, C4<0>, C4<0>;
L_0x61125993ed50 .functor AND 1, L_0x61125993fbe0, L_0x61125993fcc0, C4<1>, C4<1>;
v0x611259935970_0 .net "a", 0 0, L_0x61125993fbe0;  alias, 1 drivers
v0x611259935a50_0 .net "b", 0 0, L_0x61125993fcc0;  alias, 1 drivers
v0x611259935b10_0 .net "carry", 0 0, L_0x61125993ed50;  alias, 1 drivers
v0x611259935bb0_0 .net "sum", 0 0, L_0x61125993ece0;  alias, 1 drivers
S_0x611259935d20 .scope module, "h2" "half_adders_df" 5 12, 6 1 0, S_0x611259935520;
 .timescale -9 -12;
    .port_info 0 /INPUT 1 "a";
    .port_info 1 /INPUT 1 "b";
    .port_info 2 /OUTPUT 1 "sum";
    .port_info 3 /OUTPUT 1 "carry";
L_0x61125993ede0 .functor XOR 1, L_0x61125993ece0, L_0x61125993fdf0, C4<0>, C4<0>;
L_0x61125993efb0 .functor AND 1, L_0x61125993ece0, L_0x61125993fdf0, C4<1>, C4<1>;
v0x611259935f90_0 .net "a", 0 0, L_0x61125993ece0;  alias, 1 drivers
v0x611259936060_0 .net "b", 0 0, L_0x61125993fdf0;  alias, 1 drivers
v0x611259936100_0 .net "carry", 0 0, L_0x61125993efb0;  alias, 1 drivers
v0x6112599361d0_0 .net "sum", 0 0, L_0x61125993ede0;  alias, 1 drivers
S_0x611259936340 .scope module, "o1" "or_gate_st" 5 13, 7 1 0, S_0x611259935520;
 .timescale -9 -12;
    .port_info 0 /INPUT 1 "a";
    .port_info 1 /INPUT 1 "b";
    .port_info 2 /OUTPUT 1 "y";
L_0x61125993f040 .functor OR 1, L_0x61125993ed50, L_0x61125993efb0, C4<0>, C4<0>;
v0x611259936570_0 .net "a", 0 0, L_0x61125993ed50;  alias, 1 drivers
v0x611259936660_0 .net "b", 0 0, L_0x61125993efb0;  alias, 1 drivers
v0x611259936730_0 .net "y", 0 0, L_0x61125993f040;  alias, 1 drivers
S_0x611259936f70 .scope module, "subtractor" "full_subtractor_df" 4 22, 8 1 0, S_0x6112599352a0;
 .timescale -9 -12;
    .port_info 0 /INPUT 1 "a";
    .port_info 1 /INPUT 1 "b";
    .port_info 2 /INPUT 1 "c";
    .port_info 3 /OUTPUT 1 "difference";
    .port_info 4 /OUTPUT 1 "borrow";
L_0x61125993f210 .functor XOR 1, L_0x61125993fbe0, L_0x61125993fcc0, C4<0>, C4<0>;
L_0x61125993f2a0 .functor XOR 1, L_0x61125993f210, L_0x61125993fdf0, C4<0>, C4<0>;
L_0x61125993f330 .functor NOT 1, L_0x61125993fbe0, C4<0>, C4<0>, C4<0>;
L_0x61125993f3c0 .functor AND 1, L_0x61125993f330, L_0x61125993fcc0, C4<1>, C4<1>;
L_0x61125993f460 .functor AND 1, L_0x61125993fcc0, L_0x61125993fdf0, C4<1>, C4<1>;
L_0x61125993f5e0 .functor OR 1, L_0x61125993f3c0, L_0x61125993f460, C4<0>, C4<0>;
L_0x61125993f690 .functor NOT 1, L_0x61125993fbe0, C4<0>, C4<0>, C4<0>;
L_0x61125993f810 .functor AND 1, L_0x61125993f690, L_0x61125993fdf0, C4<1>, C4<1>;
L_0x61125993f990 .functor OR 1, L_0x61125993f5e0, L_0x61125993f810, C4<0>, C4<0>;
v0x611259937150_0 .net *"_ivl_0", 0 0, L_0x61125993f210;  1 drivers
v0x611259937230_0 .net *"_ivl_10", 0 0, L_0x61125993f5e0;  1 drivers
v0x611259937310_0 .net *"_ivl_12", 0 0, L_0x61125993f690;  1 drivers
v0x6112599373d0_0 .net *"_ivl_14", 0 0, L_0x61125993f810;  1 drivers
v0x6112599374b0_0 .net *"_ivl_4", 0 0, L_0x61125993f330;  1 drivers
v0x6112599375e0_0 .net *"_ivl_6", 0 0, L_0x61125993f3c0;  1 drivers
v0x6112599376c0_0 .net *"_ivl_8", 0 0, L_0x61125993f460;  1 drivers
v0x6112599377a0_0 .net "a", 0 0, L_0x61125993fbe0;  alias, 1 drivers
v0x611259937890_0 .net "b", 0 0, L_0x61125993fcc0;  alias, 1 drivers
v0x6112599379c0_0 .net "borrow", 0 0, L_0x61125993f990;  alias, 1 drivers
v0x611259937a80_0 .net "c", 0 0, L_0x61125993fdf0;  alias, 1 drivers
v0x611259937b70_0 .net "difference", 0 0, L_0x61125993f2a0;  alias, 1 drivers
S_0x611259938550 .scope module, "u4" "full_adder_subtractor_st" 3 40, 4 3 0, S_0x61125990b590;
 .timescale -9 -12;
    .port_info 0 /INPUT 1 "a";
    .port_info 1 /INPUT 1 "b";
    .port_info 2 /INPUT 1 "cin";
    .port_info 3 /INPUT 1 "control";
    .port_info 4 /OUTPUT 1 "result";
    .port_info 5 /OUTPUT 1 "cout";
v0x61125993af90_0 .net "a", 0 0, L_0x611259941030;  1 drivers
v0x61125993b050_0 .net "b", 0 0, L_0x611259941130;  1 drivers
v0x61125993b110_0 .net "borrow", 0 0, L_0x611259940d70;  1 drivers
v0x61125993b1b0_0 .net "carry", 0 0, L_0x611259940400;  1 drivers
v0x61125993b2a0_0 .net "cin", 0 0, L_0x6112599411d0;  1 drivers
v0x61125993b390_0 .net "control", 0 0, v0x61125993c100_0;  alias, 1 drivers
v0x61125993b430_0 .net "cout", 0 0, L_0x611259940f70;  alias, 1 drivers
v0x61125993b4d0_0 .net "diff", 0 0, L_0x611259940660;  1 drivers
v0x61125993b570_0 .net "result", 0 0, L_0x611259940ed0;  1 drivers
v0x61125993b6a0_0 .net "sum", 0 0, L_0x6112599401a0;  1 drivers
L_0x611259940ed0 .functor MUXZ 1, L_0x6112599401a0, L_0x611259940660, v0x61125993c100_0, C4<>;
L_0x611259940f70 .functor MUXZ 1, L_0x611259940400, L_0x611259940d70, v0x61125993c100_0, C4<>;
S_0x6112599387d0 .scope module, "adder" "full_adders_st" 4 14, 5 3 0, S_0x611259938550;
 .timescale -9 -12;
    .port_info 0 /INPUT 1 "a";
    .port_info 1 /INPUT 1 "b";
    .port_info 2 /INPUT 1 "c";
    .port_info 3 /OUTPUT 1 "sum";
    .port_info 4 /OUTPUT 1 "carry";
v0x611259939a80_0 .net "a", 0 0, L_0x611259941030;  alias, 1 drivers
v0x611259939b50_0 .net "b", 0 0, L_0x611259941130;  alias, 1 drivers
v0x611259939c20_0 .net "c", 0 0, L_0x6112599411d0;  alias, 1 drivers
v0x611259939d20_0 .net "carry", 0 0, L_0x611259940400;  alias, 1 drivers
v0x611259939df0_0 .net "sum", 0 0, L_0x6112599401a0;  alias, 1 drivers
v0x611259939ee0_0 .net "x", 0 0, L_0x61125993ff80;  1 drivers
v0x611259939fd0_0 .net "y", 0 0, L_0x611259940110;  1 drivers
v0x61125993a0c0_0 .net "z", 0 0, L_0x611259940370;  1 drivers
S_0x6112599389d0 .scope module, "h1" "half_adders_df" 5 11, 6 1 0, S_0x6112599387d0;
 .timescale -9 -12;
    .port_info 0 /INPUT 1 "a";
    .port_info 1 /INPUT 1 "b";
    .port_info 2 /OUTPUT 1 "sum";
    .port_info 3 /OUTPUT 1 "carry";
L_0x61125993ff80 .functor XOR 1, L_0x611259941030, L_0x611259941130, C4<0>, C4<0>;
L_0x611259940110 .functor AND 1, L_0x611259941030, L_0x611259941130, C4<1>, C4<1>;
v0x611259938c40_0 .net "a", 0 0, L_0x611259941030;  alias, 1 drivers
v0x611259938d20_0 .net "b", 0 0, L_0x611259941130;  alias, 1 drivers
v0x611259938de0_0 .net "carry", 0 0, L_0x611259940110;  alias, 1 drivers
v0x611259938e80_0 .net "sum", 0 0, L_0x61125993ff80;  alias, 1 drivers
S_0x611259938fc0 .scope module, "h2" "half_adders_df" 5 12, 6 1 0, S_0x6112599387d0;
 .timescale -9 -12;
    .port_info 0 /INPUT 1 "a";
    .port_info 1 /INPUT 1 "b";
    .port_info 2 /OUTPUT 1 "sum";
    .port_info 3 /OUTPUT 1 "carry";
L_0x6112599401a0 .functor XOR 1, L_0x61125993ff80, L_0x6112599411d0, C4<0>, C4<0>;
L_0x611259940370 .functor AND 1, L_0x61125993ff80, L_0x6112599411d0, C4<1>, C4<1>;
v0x611259939230_0 .net "a", 0 0, L_0x61125993ff80;  alias, 1 drivers
v0x6112599392d0_0 .net "b", 0 0, L_0x6112599411d0;  alias, 1 drivers
v0x611259939370_0 .net "carry", 0 0, L_0x611259940370;  alias, 1 drivers
v0x611259939410_0 .net "sum", 0 0, L_0x6112599401a0;  alias, 1 drivers
S_0x611259939580 .scope module, "o1" "or_gate_st" 5 13, 7 1 0, S_0x6112599387d0;
 .timescale -9 -12;
    .port_info 0 /INPUT 1 "a";
    .port_info 1 /INPUT 1 "b";
    .port_info 2 /OUTPUT 1 "y";
L_0x611259940400 .functor OR 1, L_0x611259940110, L_0x611259940370, C4<0>, C4<0>;
v0x6112599397b0_0 .net "a", 0 0, L_0x611259940110;  alias, 1 drivers
v0x6112599398a0_0 .net "b", 0 0, L_0x611259940370;  alias, 1 drivers
v0x611259939970_0 .net "y", 0 0, L_0x611259940400;  alias, 1 drivers
S_0x61125993a1b0 .scope module, "subtractor" "full_subtractor_df" 4 22, 8 1 0, S_0x611259938550;
 .timescale -9 -12;
    .port_info 0 /INPUT 1 "a";
    .port_info 1 /INPUT 1 "b";
    .port_info 2 /INPUT 1 "c";
    .port_info 3 /OUTPUT 1 "difference";
    .port_info 4 /OUTPUT 1 "borrow";
L_0x6112599405d0 .functor XOR 1, L_0x611259941030, L_0x611259941130, C4<0>, C4<0>;
L_0x611259940660 .functor XOR 1, L_0x6112599405d0, L_0x6112599411d0, C4<0>, C4<0>;
L_0x6112599406f0 .functor NOT 1, L_0x611259941030, C4<0>, C4<0>, C4<0>;
L_0x611259940780 .functor AND 1, L_0x6112599406f0, L_0x611259941130, C4<1>, C4<1>;
L_0x6112599407f0 .functor AND 1, L_0x611259941130, L_0x6112599411d0, C4<1>, C4<1>;
L_0x611259940970 .functor OR 1, L_0x611259940780, L_0x6112599407f0, C4<0>, C4<0>;
L_0x611259940a20 .functor NOT 1, L_0x611259941030, C4<0>, C4<0>, C4<0>;
L_0x611259940ba0 .functor AND 1, L_0x611259940a20, L_0x6112599411d0, C4<1>, C4<1>;
L_0x611259940d70 .functor OR 1, L_0x611259940970, L_0x611259940ba0, C4<0>, C4<0>;
v0x61125993a410_0 .net *"_ivl_0", 0 0, L_0x6112599405d0;  1 drivers
v0x61125993a4f0_0 .net *"_ivl_10", 0 0, L_0x611259940970;  1 drivers
v0x61125993a5d0_0 .net *"_ivl_12", 0 0, L_0x611259940a20;  1 drivers
v0x61125993a690_0 .net *"_ivl_14", 0 0, L_0x611259940ba0;  1 drivers
v0x61125993a770_0 .net *"_ivl_4", 0 0, L_0x6112599406f0;  1 drivers
v0x61125993a8a0_0 .net *"_ivl_6", 0 0, L_0x611259940780;  1 drivers
v0x61125993a980_0 .net *"_ivl_8", 0 0, L_0x6112599407f0;  1 drivers
v0x61125993aa60_0 .net "a", 0 0, L_0x611259941030;  alias, 1 drivers
v0x61125993ab50_0 .net "b", 0 0, L_0x611259941130;  alias, 1 drivers
v0x61125993ac80_0 .net "borrow", 0 0, L_0x611259940d70;  alias, 1 drivers
v0x61125993ad40_0 .net "c", 0 0, L_0x6112599411d0;  alias, 1 drivers
v0x61125993ae30_0 .net "difference", 0 0, L_0x611259940660;  alias, 1 drivers
    .scope S_0x611259900980;
T_1 ;
    %pushi/vec4 0, 0, 32;
    %store/vec4 v0x61125993c740_0, 0, 32;
    %pushi/vec4 0, 0, 32;
    %store/vec4 v0x61125993c290_0, 0, 32;
    %end;
    .thread T_1;
    .scope S_0x611259900980;
T_2 ;
    %vpi_call 2 20 "$dumpfile", "four.vcd" {0 0 0};
    %vpi_call 2 21 "$dumpvars", 32'sb00000000000000000000000000000000, S_0x611259900980 {0 0 0};
    %vpi_call 2 22 "$display", "Time\011 A      B      Cin   Control   Result   Cout" {0 0 0};
    %end;
    .thread T_2;
    .scope S_0x611259900980;
T_3 ;
    %pushi/vec4 0, 0, 32;
    %store/vec4 v0x61125993c330_0, 0, 32;
T_3.0 ;
    %load/vec4 v0x61125993c330_0;
    %cmpi/s 2, 0, 32;
    %jmp/0xz T_3.1, 5;
    %pushi/vec4 0, 0, 32;
    %store/vec4 v0x61125993c410_0, 0, 32;
T_3.2 ;
    %load/vec4 v0x61125993c410_0;
    %cmpi/s 2, 0, 32;
    %jmp/0xz T_3.3, 5;
    %pushi/vec4 0, 0, 32;
    %store/vec4 v0x61125993c4f0_0, 0, 32;
T_3.4 ;
    %load/vec4 v0x61125993c4f0_0;
    %cmpi/s 16, 0, 32;
    %jmp/0xz T_3.5, 5;
    %pushi/vec4 0, 0, 32;
    %store/vec4 v0x61125993c660_0, 0, 32;
T_3.6 ;
    %load/vec4 v0x61125993c660_0;
    %cmpi/s 16, 0, 32;
    %jmp/0xz T_3.7, 5;
    %load/vec4 v0x61125993c330_0;
    %pad/s 1;
    %store/vec4 v0x61125993c100_0, 0, 1;
    %load/vec4 v0x61125993c410_0;
    %pad/s 1;
    %store/vec4 v0x61125993c060_0, 0, 1;
    %load/vec4 v0x61125993c4f0_0;
    %pad/s 4;
    %store/vec4 v0x61125993bee0_0, 0, 4;
    %load/vec4 v0x61125993c660_0;
    %pad/s 4;
    %store/vec4 v0x61125993bfc0_0, 0, 4;
    %vpi_call 2 66 "$display", "%0t\011 %b   %b   %b     %b       %b     %b", $time, v0x61125993bee0_0, v0x61125993bfc0_0, v0x61125993c060_0, v0x61125993c100_0, v0x61125993c820_0, v0x61125993c1a0_0 {0 0 0};
    %load/vec4 v0x61125993bee0_0;
    %store/vec4 v0x61125990bcf0_0, 0, 4;
    %load/vec4 v0x61125993bfc0_0;
    %store/vec4 v0x611259906760_0, 0, 4;
    %load/vec4 v0x61125993c060_0;
    %store/vec4 v0x611259901170_0, 0, 1;
    %load/vec4 v0x61125993c100_0;
    %store/vec4 v0x61125992eb30_0, 0, 1;
    %load/vec4 v0x61125993c100_0;
    %flag_set/vec4 8;
    %jmp/0 T_3.8, 8;
    %load/vec4 v0x61125993bee0_0;
    %load/vec4 v0x61125993bfc0_0;
    %sub;
    %load/vec4 v0x61125993c060_0;
    %pad/u 4;
    %sub;
    %jmp/1 T_3.9, 8;
T_3.8 ; End of true expr.
    %load/vec4 v0x61125993bee0_0;
    %load/vec4 v0x61125993bfc0_0;
    %add;
    %load/vec4 v0x61125993c060_0;
    %pad/u 4;
    %add;
    %jmp/0 T_3.9, 8;
 ; End of false expr.
    %blend;
T_3.9;
    %store/vec4 v0x61125992ed00_0, 0, 4;
    %load/vec4 v0x61125993c100_0;
    %flag_set/vec4 8;
    %jmp/0 T_3.10, 8;
    %load/vec4 v0x61125993bee0_0;
    %load/vec4 v0x61125993bfc0_0;
    %load/vec4 v0x61125993c060_0;
    %pad/u 4;
    %add;
    %cmp/u;
    %flag_get/vec4 5;
    %jmp/1 T_3.11, 8;
T_3.10 ; End of true expr.
    %pushi/vec4 15, 0, 32;
    %load/vec4 v0x61125993bee0_0;
    %pad/u 32;
    %load/vec4 v0x61125993bfc0_0;
    %pad/u 32;
    %add;
    %load/vec4 v0x61125993c060_0;
    %pad/u 32;
    %add;
    %cmp/u;
    %flag_get/vec4 5;
    %jmp/0 T_3.11, 8;
 ; End of false expr.
    %blend;
T_3.11;
    %store/vec4 v0x61125992ebf0_0, 0, 1;
    %fork TD_four_bit_full_adder_subtractor_st_tb.check_result, S_0x611259906000;
    %join;
    %load/vec4 v0x61125993c660_0;
    %addi 1, 0, 32;
    %store/vec4 v0x61125993c660_0, 0, 32;
    %jmp T_3.6;
T_3.7 ;
    %load/vec4 v0x61125993c4f0_0;
    %addi 1, 0, 32;
    %store/vec4 v0x61125993c4f0_0, 0, 32;
    %jmp T_3.4;
T_3.5 ;
    %load/vec4 v0x61125993c410_0;
    %addi 1, 0, 32;
    %store/vec4 v0x61125993c410_0, 0, 32;
    %jmp T_3.2;
T_3.3 ;
    %load/vec4 v0x61125993c330_0;
    %addi 1, 0, 32;
    %store/vec4 v0x61125993c330_0, 0, 32;
    %jmp T_3.0;
T_3.1 ;
    %vpi_call 2 78 "$display", "\012Test Complete:" {0 0 0};
    %vpi_call 2 79 "$display", "PASS COUNT: %0d", v0x61125993c740_0 {0 0 0};
    %vpi_call 2 80 "$display", "FAIL COUNT: %0d", v0x61125993c290_0 {0 0 0};
    %vpi_call 2 82 "$finish" {0 0 0};
    %end;
    .thread T_3;
# The file index is used to find the file name in the following table.
:file_names 9;
    "N/A";
    "<interactive>";
    "4bit_full_adder_subtractor_tb.v";
    "./4bit_full_adder_subtractor_st.v";
    "./full_adder_subtractor_st.v";
    "./full_adders_st.v";
    "./half_adders_df.v";
    "./or_gate_st.v";
    "./full_subtractor_df.v";
