#! /usr/bin/vvp
:ivl_version "12.0 (stable)";
:ivl_delay_selection "TYPICAL";
:vpi_time_precision + 0;
:vpi_module "/usr/lib/x86_64-linux-gnu/ivl/system.vpi";
:vpi_module "/usr/lib/x86_64-linux-gnu/ivl/vhdl_sys.vpi";
:vpi_module "/usr/lib/x86_64-linux-gnu/ivl/vhdl_textio.vpi";
:vpi_module "/usr/lib/x86_64-linux-gnu/ivl/v2005_math.vpi";
:vpi_module "/usr/lib/x86_64-linux-gnu/ivl/va_math.vpi";
S_0x597b9656a080 .scope module, "alu_testbench" "alu_testbench" 2 2;
 .timescale 0 0;
v0x597b965892f0_0 .var "A", 3 0;
v0x597b965893d0_0 .var "B", 3 0;
v0x597b96589470_0 .var "Cin", 0 0;
v0x597b96589510_0 .net "Cout", 0 0, L_0x597b96589850;  1 drivers
v0x597b965895b0_0 .net "F", 3 0, L_0x597b96589790;  1 drivers
v0x597b96589650_0 .var "Mode", 0 0;
v0x597b965896f0_0 .var "Operation", 1 0;
S_0x597b9656a210 .scope module, "uut" "alu4" 2 13, 3 1 0, S_0x597b9656a080;
 .timescale 0 0;
    .port_info 0 /INPUT 4 "A";
    .port_info 1 /INPUT 4 "B";
    .port_info 2 /INPUT 1 "Cin";
    .port_info 3 /INPUT 2 "Operation";
    .port_info 4 /INPUT 1 "Mode";
    .port_info 5 /OUTPUT 4 "F";
    .port_info 6 /OUTPUT 1 "Cout";
L_0x597b96589790 .functor BUFZ 4, v0x597b96589130_0, C4<0000>, C4<0000>, C4<0000>;
L_0x597b96589850 .functor BUFZ 1, v0x597b96589070_0, C4<0>, C4<0>, C4<0>;
v0x597b9652b490_0 .net "A", 3 0, v0x597b965892f0_0;  1 drivers
v0x597b96588b60_0 .net "B", 3 0, v0x597b965893d0_0;  1 drivers
v0x597b96588c40_0 .net "Cin", 0 0, v0x597b96589470_0;  1 drivers
v0x597b96588ce0_0 .net "Cout", 0 0, L_0x597b96589850;  alias, 1 drivers
v0x597b96588da0_0 .net "F", 3 0, L_0x597b96589790;  alias, 1 drivers
v0x597b96588ed0_0 .net "Mode", 0 0, v0x597b96589650_0;  1 drivers
v0x597b96588f90_0 .net "Operation", 1 0, v0x597b965896f0_0;  1 drivers
v0x597b96589070_0 .var "carry_out", 0 0;
v0x597b96589130_0 .var "result", 3 0;
E_0x597b96565480/0 .event anyedge, v0x597b96588ed0_0, v0x597b96588f90_0, v0x597b9652b490_0, v0x597b96588b60_0;
E_0x597b96565480/1 .event anyedge, v0x597b96588c40_0;
E_0x597b96565480 .event/or E_0x597b96565480/0, E_0x597b96565480/1;
    .scope S_0x597b9656a210;
T_0 ;
    %wait E_0x597b96565480;
    %load/vec4 v0x597b96588ed0_0;
    %dup/vec4;
    %pushi/vec4 0, 0, 1;
    %cmp/u;
    %jmp/1 T_0.0, 6;
    %dup/vec4;
    %pushi/vec4 1, 0, 1;
    %cmp/u;
    %jmp/1 T_0.1, 6;
    %jmp T_0.2;
T_0.0 ;
    %load/vec4 v0x597b96588f90_0;
    %dup/vec4;
    %pushi/vec4 0, 0, 2;
    %cmp/u;
    %jmp/1 T_0.3, 6;
    %dup/vec4;
    %pushi/vec4 1, 0, 2;
    %cmp/u;
    %jmp/1 T_0.4, 6;
    %dup/vec4;
    %pushi/vec4 2, 0, 2;
    %cmp/u;
    %jmp/1 T_0.5, 6;
    %dup/vec4;
    %pushi/vec4 3, 0, 2;
    %cmp/u;
    %jmp/1 T_0.6, 6;
    %jmp T_0.7;
T_0.3 ;
    %load/vec4 v0x597b9652b490_0;
    %load/vec4 v0x597b96588b60_0;
    %and;
    %store/vec4 v0x597b96589130_0, 0, 4;
    %jmp T_0.7;
T_0.4 ;
    %load/vec4 v0x597b9652b490_0;
    %load/vec4 v0x597b96588b60_0;
    %or;
    %store/vec4 v0x597b96589130_0, 0, 4;
    %jmp T_0.7;
T_0.5 ;
    %load/vec4 v0x597b9652b490_0;
    %load/vec4 v0x597b96588b60_0;
    %xor;
    %store/vec4 v0x597b96589130_0, 0, 4;
    %jmp T_0.7;
T_0.6 ;
    %load/vec4 v0x597b9652b490_0;
    %load/vec4 v0x597b96588b60_0;
    %xor;
    %inv;
    %store/vec4 v0x597b96589130_0, 0, 4;
    %jmp T_0.7;
T_0.7 ;
    %pop/vec4 1;
    %pushi/vec4 0, 0, 1;
    %store/vec4 v0x597b96589070_0, 0, 1;
    %jmp T_0.2;
T_0.1 ;
    %load/vec4 v0x597b96588f90_0;
    %load/vec4 v0x597b96588c40_0;
    %concat/vec4; draw_concat_vec4
    %dup/vec4;
    %pushi/vec4 0, 0, 3;
    %cmp/u;
    %jmp/1 T_0.8, 6;
    %dup/vec4;
    %pushi/vec4 1, 0, 3;
    %cmp/u;
    %jmp/1 T_0.9, 6;
    %dup/vec4;
    %pushi/vec4 2, 0, 3;
    %cmp/u;
    %jmp/1 T_0.10, 6;
    %dup/vec4;
    %pushi/vec4 3, 0, 3;
    %cmp/u;
    %jmp/1 T_0.11, 6;
    %dup/vec4;
    %pushi/vec4 4, 0, 3;
    %cmp/u;
    %jmp/1 T_0.12, 6;
    %dup/vec4;
    %pushi/vec4 5, 0, 3;
    %cmp/u;
    %jmp/1 T_0.13, 6;
    %dup/vec4;
    %pushi/vec4 6, 0, 3;
    %cmp/u;
    %jmp/1 T_0.14, 6;
    %dup/vec4;
    %pushi/vec4 7, 0, 3;
    %cmp/u;
    %jmp/1 T_0.15, 6;
    %jmp T_0.16;
T_0.8 ;
    %load/vec4 v0x597b9652b490_0;
    %store/vec4 v0x597b96589130_0, 0, 4;
    %jmp T_0.16;
T_0.9 ;
    %load/vec4 v0x597b9652b490_0;
    %pad/u 5;
    %addi 1, 0, 5;
    %split/vec4 4;
    %store/vec4 v0x597b96589130_0, 0, 4;
    %store/vec4 v0x597b96589070_0, 0, 1;
    %jmp T_0.16;
T_0.10 ;
    %load/vec4 v0x597b9652b490_0;
    %pad/u 5;
    %load/vec4 v0x597b96588b60_0;
    %pad/u 5;
    %add;
    %split/vec4 4;
    %store/vec4 v0x597b96589130_0, 0, 4;
    %store/vec4 v0x597b96589070_0, 0, 1;
    %jmp T_0.16;
T_0.11 ;
    %load/vec4 v0x597b9652b490_0;
    %pad/u 5;
    %load/vec4 v0x597b96588b60_0;
    %pad/u 5;
    %add;
    %addi 1, 0, 5;
    %split/vec4 4;
    %store/vec4 v0x597b96589130_0, 0, 4;
    %store/vec4 v0x597b96589070_0, 0, 1;
    %jmp T_0.16;
T_0.12 ;
    %load/vec4 v0x597b9652b490_0;
    %pad/u 5;
    %load/vec4 v0x597b96588b60_0;
    %pad/u 5;
    %inv;
    %add;
    %split/vec4 4;
    %store/vec4 v0x597b96589130_0, 0, 4;
    %store/vec4 v0x597b96589070_0, 0, 1;
    %jmp T_0.16;
T_0.13 ;
    %load/vec4 v0x597b9652b490_0;
    %pad/u 5;
    %load/vec4 v0x597b96588b60_0;
    %pad/u 5;
    %inv;
    %add;
    %split/vec4 4;
    %store/vec4 v0x597b96589130_0, 0, 4;
    %store/vec4 v0x597b96589070_0, 0, 1;
    %jmp T_0.16;
T_0.14 ;
    %load/vec4 v0x597b9652b490_0;
    %pad/u 5;
    %inv;
    %load/vec4 v0x597b96588b60_0;
    %pad/u 5;
    %add;
    %split/vec4 4;
    %store/vec4 v0x597b96589130_0, 0, 4;
    %store/vec4 v0x597b96589070_0, 0, 1;
    %jmp T_0.16;
T_0.15 ;
    %load/vec4 v0x597b9652b490_0;
    %pad/u 5;
    %inv;
    %load/vec4 v0x597b96588b60_0;
    %pad/u 5;
    %add;
    %addi 1, 0, 5;
    %split/vec4 4;
    %store/vec4 v0x597b96589130_0, 0, 4;
    %store/vec4 v0x597b96589070_0, 0, 1;
    %jmp T_0.16;
T_0.16 ;
    %pop/vec4 1;
    %jmp T_0.2;
T_0.2 ;
    %pop/vec4 1;
    %jmp T_0;
    .thread T_0, $push;
    .scope S_0x597b9656a080;
T_1 ;
    %vpi_call 2 24 "$dumpfile", "file.vcd" {0 0 0};
    %vpi_call 2 25 "$dumpvars", 32'sb00000000000000000000000000000000, S_0x597b9656a080 {0 0 0};
    %pushi/vec4 0, 0, 4;
    %store/vec4 v0x597b965892f0_0, 0, 4;
    %pushi/vec4 0, 0, 4;
    %store/vec4 v0x597b965893d0_0, 0, 4;
    %pushi/vec4 0, 0, 1;
    %store/vec4 v0x597b96589470_0, 0, 1;
    %pushi/vec4 0, 0, 1;
    %store/vec4 v0x597b96589650_0, 0, 1;
    %pushi/vec4 0, 0, 2;
    %store/vec4 v0x597b965896f0_0, 0, 2;
    %vpi_call 2 33 "$monitor", "Time=%0t, Mode=%b, Op=%b, A=%b, B=%b, F=%b", $time, v0x597b96589650_0, v0x597b965896f0_0, v0x597b965892f0_0, v0x597b965893d0_0, v0x597b965895b0_0 {0 0 0};
    %delay 10, 0;
    %pushi/vec4 1, 0, 2;
    %store/vec4 v0x597b965896f0_0, 0, 2;
    %delay 10, 0;
    %pushi/vec4 2, 0, 2;
    %store/vec4 v0x597b965896f0_0, 0, 2;
    %delay 10, 0;
    %pushi/vec4 3, 0, 2;
    %store/vec4 v0x597b965896f0_0, 0, 2;
    %delay 10, 0;
    %pushi/vec4 5, 0, 4;
    %store/vec4 v0x597b965892f0_0, 0, 4;
    %delay 10, 0;
    %pushi/vec4 10, 0, 4;
    %store/vec4 v0x597b965893d0_0, 0, 4;
    %delay 10, 0;
    %pushi/vec4 0, 0, 2;
    %store/vec4 v0x597b965896f0_0, 0, 2;
    %delay 10, 0;
    %pushi/vec4 1, 0, 2;
    %store/vec4 v0x597b965896f0_0, 0, 2;
    %delay 10, 0;
    %pushi/vec4 2, 0, 2;
    %store/vec4 v0x597b965896f0_0, 0, 2;
    %delay 10, 0;
    %pushi/vec4 3, 0, 2;
    %store/vec4 v0x597b965896f0_0, 0, 2;
    %delay 10, 0;
    %pushi/vec4 1, 0, 1;
    %store/vec4 v0x597b96589650_0, 0, 1;
    %pushi/vec4 0, 0, 4;
    %store/vec4 v0x597b965892f0_0, 0, 4;
    %pushi/vec4 0, 0, 4;
    %store/vec4 v0x597b965893d0_0, 0, 4;
    %pushi/vec4 0, 0, 1;
    %store/vec4 v0x597b96589470_0, 0, 1;
    %pushi/vec4 0, 0, 2;
    %store/vec4 v0x597b965896f0_0, 0, 2;
    %vpi_call 2 53 "$monitor", "Time=%0t, Mode=%b, Op=%b, Cin=%b, A=%b, B=%b, F=%b, Cout=%b", $time, v0x597b96589650_0, v0x597b965896f0_0, v0x597b96589470_0, v0x597b965892f0_0, v0x597b965893d0_0, v0x597b965895b0_0, v0x597b96589510_0 {0 0 0};
    %delay 10, 0;
    %pushi/vec4 1, 0, 2;
    %store/vec4 v0x597b965896f0_0, 0, 2;
    %delay 10, 0;
    %pushi/vec4 2, 0, 2;
    %store/vec4 v0x597b965896f0_0, 0, 2;
    %delay 10, 0;
    %pushi/vec4 3, 0, 2;
    %store/vec4 v0x597b965896f0_0, 0, 2;
    %delay 10, 0;
    %pushi/vec4 5, 0, 4;
    %store/vec4 v0x597b965892f0_0, 0, 4;
    %delay 10, 0;
    %pushi/vec4 10, 0, 4;
    %store/vec4 v0x597b965893d0_0, 0, 4;
    %delay 10, 0;
    %pushi/vec4 0, 0, 2;
    %store/vec4 v0x597b965896f0_0, 0, 2;
    %delay 10, 0;
    %pushi/vec4 1, 0, 2;
    %store/vec4 v0x597b965896f0_0, 0, 2;
    %delay 10, 0;
    %pushi/vec4 2, 0, 2;
    %store/vec4 v0x597b965896f0_0, 0, 2;
    %delay 10, 0;
    %pushi/vec4 3, 0, 2;
    %store/vec4 v0x597b965896f0_0, 0, 2;
    %delay 10, 0;
    %pushi/vec4 1, 0, 1;
    %store/vec4 v0x597b96589470_0, 0, 1;
    %delay 10, 0;
    %pushi/vec4 0, 0, 2;
    %store/vec4 v0x597b965896f0_0, 0, 2;
    %delay 10, 0;
    %pushi/vec4 1, 0, 2;
    %store/vec4 v0x597b965896f0_0, 0, 2;
    %delay 10, 0;
    %pushi/vec4 2, 0, 2;
    %store/vec4 v0x597b965896f0_0, 0, 2;
    %delay 10, 0;
    %pushi/vec4 3, 0, 2;
    %store/vec4 v0x597b965896f0_0, 0, 2;
    %vpi_call 2 71 "$finish" {0 0 0};
    %end;
    .thread T_1;
# The file index is used to find the file name in the following table.
:file_names 4;
    "N/A";
    "<interactive>";
    "alu4_tb.v";
    "./alu4.v";
